2026-03-18 15:01:41,105 [INFO] Bootstrapping — loading existing trades for 0x576b0696fd5a9225d66fd9500fd98f5be10b0cab
2026-03-18 15:01:41,464 [ERROR] Failed to fetch trades: 404 Client Error: Not Found for url: https://gamma-api.polymarket.com/trades?maker=0x576b0696fd5a9225d66fd9500fd98f5be10b0cab&limit=50
2026-03-18 15:01:41,465 [INFO] Ignoring 0 existing trades. Watching for new ones...
2026-03-18 15:01:41,465 [INFO] =======================================================
2026-03-18 15:01:41,495 [INFO]   Target  : 0x576b0696fd5a9225d66fd9500fd98f5be10b0cab
2026-03-18 15:01:41,496 [INFO]   Scale   : 100% of target's position
2026-03-18 15:01:41,496 [INFO]   Polling : every 2s
2026-03-18 15:01:41,496 [INFO] =======================================================
2026-03-18 15:01:41,496 [INFO] [14:01:41] Checking for new trades...
2026-03-18 15:01:41,809 [ERROR] Failed to fetch trades: 404 Client Error: Not Found for url: https://gamma-api.polymarket.com/trades?maker=0x576b0696fd5a9225d66fd9500fd98f5be10b0cab&limit=20
2026-03-18 15:01:41,810 [INFO]   No new trades found.
2026-03-18 15:01:43,812 [INFO] [14:01:43] Checking for new trades...
2026-03-18 15:01:44,148 [ERROR] Failed to fetch trades: 404 Client Error: Not Found for url: https://gamma-api.polymarket.com/trades?maker=0x576b0696fd5a9225d66fd9500fd98f5be10b0cab&limit=20
2026-03-18 15:01:44,151 [INFO]   No new trades found.
2026-03-18 15:01:46,152 [INFO] [14:01:46] Checking for new trades...
2026-03-18 15:01:46,451 [ERROR] Failed to fetch trades: 404 Client Error: Not Found for url: https://gamma-api.polymarket.com/trades?maker=0x576b0696fd5a9225d66fd9500fd98f5be10b0cab&limit=20
2026-03-18 15:01:46,452 [INFO]   No new trades found.
2026-03-18 15:01:48,454 [INFO] [14:01:48] Checking for new trades...
2026-03-18 15:01:48,785 [ERROR] Failed to fetch trades: 404 Client Error: Not Found for url: https://gamma-api.polymarket.com/trades?maker=0x576b0696fd5a9225d66fd9500fd98f5be10b0cab&limit=20
2026-03-18 15:01:48,787 [INFO]   No new trades found.
2026-03-18 15:01:50,788 [INFO] [14:01:50] Checking for new trades...
2026-03-18 15:01:51,104 [ERROR] Failed to fetch trades: 404 Client Error: Not Found for url: https://gamma-api.polymarket.com/trades?maker=0x576b0696fd5a9225d66fd9500fd98f5be10b0cab&limit=20
2026-03-18 15:01:51,105 [INFO]   No new trades found.
2026-03-18 15:01:53,107 [INFO] [14:01:53] Checking for new trades...
2026-03-18 15:01:53,439 [ERROR] Failed to fetch trades: 404 Client Error: Not Found for url: https://gamma-api.polymarket.com/trades?maker=0x576b0696fd5a9225d66fd9500fd98f5be10b0cab&limit=20
2026-03-18 15:01:53,440 [INFO]   No new trades found.
2026-03-18 15:01:55,441 [INFO] [14:01:55] Checking for new trades...
2026-03-18 15:01:55,831 [ERROR] Failed to fetch trades: 404 Client Error: Not Found for url: https://gamma-api.polymarket.com/trades?maker=0x576b0696fd5a9225d66fd9500fd98f5be10b0cab&limit=20
2026-03-18 15:01:55,833 [INFO]   No new trades found.
2026-03-18 15:01:57,834 [INFO] [14:01:57] Checking for new trades...
2026-03-18 15:01:58,224 [ERROR] Failed to fetch trades: 404 Client Error: Not Found for url: https://gamma-api.polymarket.com/trades?maker=0x576b0696fd5a9225d66fd9500fd98f5be10b0cab&limit=20
2026-03-18 15:01:58,225 [INFO]   No new trades found.
2026-03-18 15:02:00,227 [INFO] [14:02:00] Checking for new trades...
2026-03-18 15:02:00,648 [ERROR] Failed to fetch trades: 404 Client Error: Not Found for url: https://gamma-api.polymarket.com/trades?maker=0x576b0696fd5a9225d66fd9500fd98f5be10b0cab&limit=20
2026-03-18 15:02:00,650 [INFO]   No new trades found.
2026-03-18 15:02:02,651 [INFO] [14:02:02] Checking for new trades...
2026-03-18 15:02:02,969 [ERROR] Failed to fetch trades: 404 Client Error: Not Found for url: https://gamma-api.polymarket.com/trades?maker=0x576b0696fd5a9225d66fd9500fd98f5be10b0cab&limit=20
2026-03-18 15:02:02,970 [INFO]   No new trades found.
2026-03-18 15:05:46,235 [INFO] Bootstrapping — loading existing trades for 0x576b0696fd5a9225d66fd9500fd98f5be10b0cab
2026-03-18 15:05:46,545 [INFO] Ignoring 50 existing trades. Watching for new ones...
2026-03-18 15:05:46,546 [INFO] =======================================================
2026-03-18 15:05:46,553 [INFO]   Target  : 0x576b0696fd5a9225d66fd9500fd98f5be10b0cab
2026-03-18 15:05:46,553 [INFO]   Scale   : 100% of target's position
2026-03-18 15:05:46,553 [INFO]   Polling : every 2s
2026-03-18 15:05:46,553 [INFO] =======================================================
2026-03-18 15:05:46,553 [INFO] [14:05:46] Checking for new trades...
2026-03-18 15:05:46,886 [INFO]   Found 19 new trade(s)!
2026-03-18 15:05:46,889 [INFO]   [DRY RUN] Order NOT placed. Set DRY_RUN=false in .env to go live.
2026-03-18 15:05:46,893 [INFO]   [DRY RUN] Order NOT placed. Set DRY_RUN=false in .env to go live.
2026-03-18 15:05:46,898 [INFO]   [DRY RUN] Order NOT placed. Set DRY_RUN=false in .env to go live.
2026-03-18 15:05:46,900 [INFO]   [DRY RUN] Order NOT placed. Set DRY_RUN=false in .env to go live.
2026-03-18 15:05:46,903 [INFO]   [DRY RUN] Order NOT placed. Set DRY_RUN=false in .env to go live.
2026-03-18 15:05:46,905 [INFO]   [DRY RUN] Order NOT placed. Set DRY_RUN=false in .env to go live.
2026-03-18 15:05:46,910 [INFO]   [DRY RUN] Order NOT placed. Set DRY_RUN=false in .env to go live.
2026-03-18 15:05:46,913 [INFO]   [DRY RUN] Order NOT placed. Set DRY_RUN=false in .env to go live.
2026-03-18 15:05:46,915 [INFO]   [DRY RUN] Order NOT placed. Set DRY_RUN=false in .env to go live.
2026-03-18 15:05:46,917 [INFO]   [DRY RUN] Order NOT placed. Set DRY_RUN=false in .env to go live.
2026-03-18 15:05:46,919 [INFO]   [DRY RUN] Order NOT placed. Set DRY_RUN=false in .env to go live.
2026-03-18 15:05:46,921 [INFO]   [DRY RUN] Order NOT placed. Set DRY_RUN=false in .env to go live.
2026-03-18 15:05:46,924 [INFO]   [DRY RUN] Order NOT placed. Set DRY_RUN=false in .env to go live.
2026-03-18 15:05:46,928 [INFO]   [DRY RUN] Order NOT placed. Set DRY_RUN=false in .env to go live.
2026-03-18 15:05:46,930 [INFO]   [DRY RUN] Order NOT placed. Set DRY_RUN=false in .env to go live.
2026-03-18 15:05:46,932 [INFO]   [DRY RUN] Order NOT placed. Set DRY_RUN=false in .env to go live.
2026-03-18 15:05:46,934 [INFO]   [DRY RUN] Order NOT placed. Set DRY_RUN=false in .env to go live.
2026-03-18 15:05:46,936 [INFO]   [DRY RUN] Order NOT placed. Set DRY_RUN=false in .env to go live.
2026-03-18 15:05:46,939 [INFO]   [DRY RUN] Order NOT placed. Set DRY_RUN=false in .env to go live.
2026-03-18 15:05:48,940 [INFO] [14:05:48] Checking for new trades...
2026-03-18 15:05:49,233 [INFO]   No new trades found.
2026-03-18 15:05:51,235 [INFO] [14:05:51] Checking for new trades...
2026-03-18 15:05:51,538 [INFO]   No new trades found.
2026-03-18 15:05:53,540 [INFO] [14:05:53] Checking for new trades...
2026-03-18 15:05:53,835 [INFO]   No new trades found.
2026-03-18 15:05:55,836 [INFO] [14:05:55] Checking for new trades...
2026-03-18 15:05:56,144 [INFO]   No new trades found.
2026-03-18 15:05:58,145 [INFO] [14:05:58] Checking for new trades...
2026-03-18 15:05:58,431 [INFO]   No new trades found.
2026-03-18 15:06:00,432 [INFO] [14:06:00] Checking for new trades...
2026-03-18 15:06:00,745 [INFO]   No new trades found.
2026-03-18 15:06:02,747 [INFO] [14:06:02] Checking for new trades...
2026-03-18 15:06:03,038 [INFO]   No new trades found.
2026-03-18 15:06:05,039 [INFO] [14:06:05] Checking for new trades...
2026-03-18 15:06:05,340 [INFO]   No new trades found.
2026-03-18 15:06:07,342 [INFO] [14:06:07] Checking for new trades...
2026-03-18 15:06:07,641 [INFO]   No new trades found.
2026-03-18 15:06:09,642 [INFO] [14:06:09] Checking for new trades...
2026-03-18 15:06:09,940 [INFO]   No new trades found.
2026-03-18 15:06:11,941 [INFO] [14:06:11] Checking for new trades...
2026-03-18 15:06:12,276 [INFO]   No new trades found.
2026-03-18 15:06:14,278 [INFO] [14:06:14] Checking for new trades...
2026-03-18 15:06:14,569 [INFO]   No new trades found.
2026-03-18 15:06:16,571 [INFO] [14:06:16] Checking for new trades...
2026-03-18 15:06:16,860 [INFO]   No new trades found.
2026-03-18 15:06:18,861 [INFO] [14:06:18] Checking for new trades...
2026-03-18 15:06:19,199 [INFO]   No new trades found.
2026-03-18 15:06:21,201 [INFO] [14:06:21] Checking for new trades...
2026-03-18 15:06:21,491 [INFO]   No new trades found.
2026-03-18 15:06:23,493 [INFO] [14:06:23] Checking for new trades...
2026-03-18 15:06:23,791 [INFO]   No new trades found.
2026-03-18 15:06:25,793 [INFO] [14:06:25] Checking for new trades...
2026-03-18 15:06:26,095 [INFO]   No new trades found.
2026-03-18 15:06:28,096 [INFO] [14:06:28] Checking for new trades...
2026-03-18 15:06:28,385 [INFO]   No new trades found.
2026-03-18 15:06:30,387 [INFO] [14:06:30] Checking for new trades...
2026-03-18 15:06:30,707 [INFO]   No new trades found.
2026-03-18 15:06:32,709 [INFO] [14:06:32] Checking for new trades...
2026-03-18 15:06:33,007 [INFO]   No new trades found.
2026-03-18 15:06:35,008 [INFO] [14:06:35] Checking for new trades...
2026-03-18 15:06:35,326 [INFO]   No new trades found.
2026-03-18 15:06:37,328 [INFO] [14:06:37] Checking for new trades...
2026-03-18 15:06:37,635 [INFO]   No new trades found.
2026-03-18 15:06:39,636 [INFO] [14:06:39] Checking for new trades...
2026-03-18 15:06:39,999 [INFO]   No new trades found.
2026-03-18 15:06:42,000 [INFO] [14:06:42] Checking for new trades...
2026-03-18 15:06:42,285 [INFO]   No new trades found.
2026-03-18 15:06:44,287 [INFO] [14:06:44] Checking for new trades...
2026-03-18 15:06:44,583 [INFO]   No new trades found.
2026-03-18 15:06:46,584 [INFO] [14:06:46] Checking for new trades...
2026-03-18 15:06:46,874 [INFO]   No new trades found.
2026-03-18 15:06:48,876 [INFO] [14:06:48] Checking for new trades...
2026-03-18 15:06:49,168 [INFO]   No new trades found.
2026-03-18 15:06:51,169 [INFO] [14:06:51] Checking for new trades...
2026-03-18 15:06:51,505 [INFO]   No new trades found.
2026-03-18 15:06:53,507 [INFO] [14:06:53] Checking for new trades...
2026-03-18 15:06:53,802 [INFO]   No new trades found.
2026-03-18 15:06:55,805 [INFO] [14:06:55] Checking for new trades...
2026-03-18 15:06:56,099 [INFO]   No new trades found.
2026-03-18 15:06:58,100 [INFO] [14:06:58] Checking for new trades...
2026-03-18 15:06:58,594 [INFO]   No new trades found.
2026-03-18 15:07:00,595 [INFO] [14:07:00] Checking for new trades...
2026-03-18 15:07:01,088 [INFO]   No new trades found.
2026-03-18 15:07:03,090 [INFO] [14:07:03] Checking for new trades...
2026-03-18 15:07:03,577 [INFO]   No new trades found.
2026-03-18 15:07:05,578 [INFO] [14:07:05] Checking for new trades...
2026-03-18 15:07:06,088 [INFO]   No new trades found.
2026-03-18 15:07:08,089 [INFO] [14:07:08] Checking for new trades...
2026-03-18 15:07:08,676 [INFO]   No new trades found.
2026-03-18 15:07:10,678 [INFO] [14:07:10] Checking for new trades...
2026-03-18 15:07:11,267 [INFO]   No new trades found.
2026-03-18 15:07:13,268 [INFO] [14:07:13] Checking for new trades...
2026-03-18 15:07:13,829 [INFO]   No new trades found.
2026-03-18 15:07:15,830 [INFO] [14:07:15] Checking for new trades...
2026-03-18 15:07:16,132 [INFO]   No new trades found.
2026-03-18 15:07:18,133 [INFO] [14:07:18] Checking for new trades...
2026-03-18 15:07:18,482 [INFO]   No new trades found.
2026-03-18 15:07:20,483 [INFO] [14:07:20] Checking for new trades...
2026-03-18 15:07:20,776 [INFO]   No new trades found.
2026-03-18 15:07:22,778 [INFO] [14:07:22] Checking for new trades...
2026-03-18 15:07:23,071 [INFO]   No new trades found.
2026-03-18 15:07:25,072 [INFO] [14:07:25] Checking for new trades...
2026-03-18 15:07:25,579 [INFO]   No new trades found.
2026-03-18 15:07:27,581 [INFO] [14:07:27] Checking for new trades...
2026-03-18 15:07:27,883 [INFO]   No new trades found.
2026-03-18 15:07:29,884 [INFO] [14:07:29] Checking for new trades...
2026-03-18 15:07:30,185 [INFO]   No new trades found.
2026-03-18 15:07:32,187 [INFO] [14:07:32] Checking for new trades...
2026-03-18 15:07:32,479 [INFO]   No new trades found.
2026-03-18 15:07:34,480 [INFO] [14:07:34] Checking for new trades...
2026-03-18 15:07:34,768 [INFO]   No new trades found.
2026-03-18 15:07:36,769 [INFO] [14:07:36] Checking for new trades...
2026-03-18 15:07:37,052 [INFO]   No new trades found.
2026-03-18 15:08:35,334 [INFO] Bootstrapping — loading existing trades for 0x576b0696fd5a9225d66fd9500fd98f5be10b0cab
2026-03-18 15:08:35,658 [INFO] Ignoring 50 existing trades. Watching for new ones...
2026-03-18 15:08:35,659 [INFO] =======================================================
2026-03-18 15:08:35,664 [INFO]   Target  : 0x576b0696fd5a9225d66fd9500fd98f5be10b0cab
2026-03-18 15:08:35,664 [INFO]   Scale   : 100% of target's position
2026-03-18 15:08:35,665 [INFO]   Polling : every 2s
2026-03-18 15:08:35,665 [INFO] =======================================================
2026-03-18 15:08:35,666 [INFO] [14:08:35] Checking for new trades...
2026-03-18 15:08:35,999 [INFO]   Found 10 new trade(s)!
2026-03-18 15:08:36,014 [INFO]   [DRY RUN] Order NOT placed. Set DRY_RUN=false in .env to go live.
2026-03-18 15:08:36,017 [INFO]   [DRY RUN] Order NOT placed. Set DRY_RUN=false in .env to go live.
2026-03-18 15:08:36,019 [INFO]   [DRY RUN] Order NOT placed. Set DRY_RUN=false in .env to go live.
2026-03-18 15:08:36,020 [INFO]   [DRY RUN] Order NOT placed. Set DRY_RUN=false in .env to go live.
2026-03-18 15:08:36,022 [INFO]   [DRY RUN] Order NOT placed. Set DRY_RUN=false in .env to go live.
2026-03-18 15:08:36,024 [INFO]   [DRY RUN] Order NOT placed. Set DRY_RUN=false in .env to go live.
2026-03-18 15:08:36,027 [INFO]   [DRY RUN] Order NOT placed. Set DRY_RUN=false in .env to go live.
2026-03-18 15:08:36,031 [INFO]   [DRY RUN] Order NOT placed. Set DRY_RUN=false in .env to go live.
2026-03-18 15:08:36,035 [INFO]   [DRY RUN] Order NOT placed. Set DRY_RUN=false in .env to go live.
2026-03-18 15:08:36,036 [INFO]   [DRY RUN] Order NOT placed. Set DRY_RUN=false in .env to go live.
2026-03-18 15:08:38,037 [INFO] [14:08:38] Checking for new trades...
2026-03-18 15:08:38,361 [INFO]   No new trades found.
2026-03-18 15:08:40,363 [INFO] [14:08:40] Checking for new trades...
2026-03-18 15:08:40,680 [INFO]   No new trades found.
2026-03-18 15:08:42,682 [INFO] [14:08:42] Checking for new trades...
2026-03-18 15:08:42,976 [INFO]   No new trades found.
2026-03-18 15:10:00,195 [INFO] Bootstrapping — loading existing trades for 0x576b0696fd5a9225d66fd9500fd98f5be10b0cab
2026-03-18 15:10:00,546 [INFO] Ignoring 50 existing trades. Watching for new ones...
2026-03-18 15:10:00,547 [INFO] =======================================================
2026-03-18 15:10:00,554 [INFO]   Target  : 0x576b0696fd5a9225d66fd9500fd98f5be10b0cab
2026-03-18 15:10:00,555 [INFO]   Scale   : 100% of target's position
2026-03-18 15:10:00,555 [INFO]   Polling : every 2s
2026-03-18 15:10:00,556 [INFO] =======================================================
2026-03-18 15:10:00,556 [INFO] [14:10:00] Checking for new trades...
2026-03-18 15:10:00,846 [INFO]   Found 10 new trade(s)!
2026-03-18 15:10:00,855 [INFO]   [DRY RUN] Order NOT placed. Set DRY_RUN=false in .env to go live.
2026-03-18 15:10:00,863 [INFO]   [DRY RUN] Order NOT placed. Set DRY_RUN=false in .env to go live.
2026-03-18 15:10:00,870 [INFO]   [DRY RUN] Order NOT placed. Set DRY_RUN=false in .env to go live.
2026-03-18 15:10:00,874 [INFO]   [DRY RUN] Order NOT placed. Set DRY_RUN=false in .env to go live.
2026-03-18 15:10:00,881 [INFO]   [DRY RUN] Order NOT placed. Set DRY_RUN=false in .env to go live.
2026-03-18 15:10:00,888 [INFO]   [DRY RUN] Order NOT placed. Set DRY_RUN=false in .env to go live.
2026-03-18 15:10:00,892 [INFO]   [DRY RUN] Order NOT placed. Set DRY_RUN=false in .env to go live.
2026-03-18 15:10:00,898 [INFO]   [DRY RUN] Order NOT placed. Set DRY_RUN=false in .env to go live.
2026-03-18 15:10:00,904 [INFO]   [DRY RUN] Order NOT placed. Set DRY_RUN=false in .env to go live.
2026-03-18 15:10:00,909 [INFO]   [DRY RUN] Order NOT placed. Set DRY_RUN=false in .env to go live.
2026-03-18 15:10:02,911 [INFO] [14:10:02] Checking for new trades...
2026-03-18 15:10:03,214 [INFO]   No new trades found.
2026-03-18 15:10:05,217 [INFO] [14:10:05] Checking for new trades...
2026-03-18 15:10:05,505 [INFO]   No new trades found.
2026-03-18 15:10:07,507 [INFO] [14:10:07] Checking for new trades...
2026-03-18 15:10:07,810 [INFO]   No new trades found.
2026-03-18 15:10:09,813 [INFO] [14:10:09] Checking for new trades...
2026-03-18 15:10:10,107 [INFO]   No new trades found.
2026-03-18 15:10:12,108 [INFO] [14:10:12] Checking for new trades...
2026-03-18 15:10:12,416 [INFO]   No new trades found.
2026-03-18 15:10:14,418 [INFO] [14:10:14] Checking for new trades...
2026-03-18 15:10:14,717 [INFO]   No new trades found.
2026-03-18 15:10:16,719 [INFO] [14:10:16] Checking for new trades...
2026-03-18 15:10:17,032 [INFO]   No new trades found.
2026-03-18 15:10:19,034 [INFO] [14:10:19] Checking for new trades...
2026-03-18 15:10:19,336 [INFO]   No new trades found.
2026-03-18 15:10:21,337 [INFO] [14:10:21] Checking for new trades...
2026-03-18 15:10:21,652 [INFO]   No new trades found.
2026-03-18 15:10:23,654 [INFO] [14:10:23] Checking for new trades...
2026-03-18 15:10:23,937 [INFO]   No new trades found.
2026-03-18 15:16:10,465 [INFO] Bootstrapping — loading existing trades for 0x576b0696fd5a9225d66fd9500fd98f5be10b0cab
2026-03-18 15:16:10,814 [INFO] Ignoring 50 existing trades. Watching for new ones...
2026-03-18 15:16:10,815 [INFO] =======================================================
2026-03-18 15:16:10,821 [INFO]   Target  : 0x576b0696fd5a9225d66fd9500fd98f5be10b0cab
2026-03-18 15:16:10,821 [INFO]   Scale   : 100% of target's position
2026-03-18 15:16:10,821 [INFO]   Polling : every 2s
2026-03-18 15:16:10,821 [INFO] =======================================================
2026-03-18 15:16:10,821 [INFO] [14:16:10] Checking for new trades...
2026-03-18 15:16:11,123 [INFO]   No new trades found.
2026-03-18 15:16:13,124 [INFO] [14:16:13] Checking for new trades...
2026-03-18 15:16:13,415 [INFO]   No new trades found.
2026-03-18 15:16:15,417 [INFO] [14:16:15] Checking for new trades...
2026-03-18 15:16:15,733 [INFO]   No new trades found.
2026-03-18 15:16:17,735 [INFO] [14:16:17] Checking for new trades...
2026-03-18 15:16:18,045 [INFO]   No new trades found.
2026-03-18 15:16:20,047 [INFO] [14:16:20] Checking for new trades...
2026-03-18 15:16:20,393 [INFO]   No new trades found.
2026-03-18 15:16:22,396 [INFO] [14:16:22] Checking for new trades...
2026-03-18 15:16:22,864 [INFO]   No new trades found.
2026-03-18 15:16:24,866 [INFO] [14:16:24] Checking for new trades...
2026-03-18 15:16:25,443 [INFO]   No new trades found.
2026-03-18 15:16:27,445 [INFO] [14:16:27] Checking for new trades...
2026-03-18 15:16:27,992 [INFO]   No new trades found.
2026-03-18 15:16:29,993 [INFO] [14:16:29] Checking for new trades...
2026-03-18 15:16:30,543 [INFO]   No new trades found.
2026-03-18 15:16:32,544 [INFO] [14:16:32] Checking for new trades...
2026-03-18 15:16:33,051 [INFO]   No new trades found.
2026-03-18 15:16:35,053 [INFO] [14:16:35] Checking for new trades...
2026-03-18 15:16:35,630 [INFO]   No new trades found.
2026-03-18 15:16:37,631 [INFO] [14:16:37] Checking for new trades...
2026-03-18 15:16:37,911 [INFO]   No new trades found.
2026-03-18 15:16:39,912 [INFO] [14:16:39] Checking for new trades...
2026-03-18 15:16:40,469 [INFO]   No new trades found.
2026-03-18 15:16:42,471 [INFO] [14:16:42] Checking for new trades...
2026-03-18 15:16:42,943 [INFO]   No new trades found.
2026-03-18 15:16:44,944 [INFO] [14:16:44] Checking for new trades...
2026-03-18 15:16:45,516 [INFO]   No new trades found.
2026-03-18 15:16:47,518 [INFO] [14:16:47] Checking for new trades...
2026-03-18 15:16:47,969 [INFO]   No new trades found.
2026-03-18 15:16:49,971 [INFO] [14:16:49] Checking for new trades...
2026-03-18 15:16:50,541 [INFO]   No new trades found.
2026-03-18 15:16:52,542 [INFO] [14:16:52] Checking for new trades...
2026-03-18 15:16:52,994 [INFO]   No new trades found.
2026-03-18 15:16:54,996 [INFO] [14:16:54] Checking for new trades...
2026-03-18 15:16:55,526 [INFO]   No new trades found.
2026-03-18 15:16:57,528 [INFO] [14:16:57] Checking for new trades...
2026-03-18 15:16:57,830 [INFO]   No new trades found.
2026-03-18 15:16:59,832 [INFO] [14:16:59] Checking for new trades...
2026-03-18 15:17:03,119 [INFO]   No new trades found.
2026-03-18 15:17:05,121 [INFO] [14:17:05] Checking for new trades...
2026-03-18 15:17:05,698 [INFO]   No new trades found.
2026-03-18 15:17:07,699 [INFO] [14:17:07] Checking for new trades...
2026-03-18 15:17:08,048 [INFO]   No new trades found.
2026-03-18 15:17:10,049 [INFO] [14:17:10] Checking for new trades...
2026-03-18 15:17:10,360 [INFO]   No new trades found.
